// Jest Snapshot v1, https://goo.gl/fbAQLP

exports[`dom testing with react testing library validate the use of queries with scope 1`] = `
<div
  data-testid="root"
>
  <h1>
    DOM Testing-Dem
  </h1>
  <div
    role="status-container"
  >
    <label
      id="connect-status"
    >
      Connect Status
    </label>
    <span
      aria-labelledby="connect-status"
      title="Status"
    >
      Status:
      YES
    </span>
  </div>
  <button>
    Connect
  </button>
</div>
`;

exports[`dom testing with react testing library validate the use of queries with t scope 1`] = `
<div
  data-testid="root"
>
  <h1>
    DOM Testing-Dem
  </h1>
  <div
    role="status-container"
  >
    <label
      id="connect-status"
    >
      Connect Status
    </label>
    <span
      aria-labelledby="connect-status"
      title="Status"
    >
      Status:
      YES
    </span>
  </div>
  <button>
    Connect
  </button>
</div>
`;
